// Jest Snapshot v1, https://goo.gl/fbAQLP

exports[`CategoryPageContent renders category rows consistently 1`] = `"<section class="section"><div class="header"><div class="headerRow"><div class="heading"><h2 class="title">Categories</h2><p class="subtitle">Curate categories used across transactions and analytics.</p></div><div class="actions"><div class="buttonRow"><button type="button" class="primaryButton">Add New Category</button></div></div></div></div><div class="body"><div class="tableWrapper"><table class="table"><thead><tr><th scope="col" class="tableCell">Name</th><th scope="col" class="tableCell">Kind</th><th scope="col" class="tableCell">Parent Category</th><th scope="col" class="tableCell">Description</th><th scope="col" class="tableCellRight">Actions</th></tr></thead><tbody><tr><td class="tableCell">Meals &amp; Entertainment</td><td class="tableCell capitalize">expense</td><td class="tableCell">None</td><td class="tableCell">Client dinners and team outings</td><td class="tableCellRight"><div class="tableRowActions"><button type="button" class="secondaryButton">Edit</button><button type="button" class="dangerButton">Delete</button></div></td></tr><tr><td class="tableCell">Software</td><td class="tableCell capitalize">expense</td><td class="tableCell">Operations (cat-3)</td><td class="tableCell">None</td><td class="tableCellRight"><div class="tableRowActions"><button type="button" class="secondaryButton">Edit</button><button type="button" class="dangerButton">Delete</button></div></td></tr><tr><td class="tableCell">Operations</td><td class="tableCell capitalize">expense</td><td class="tableCell">None</td><td class="tableCell">Shared operational costs</td><td class="tableCellRight"><div class="tableRowActions"><button type="button" class="secondaryButton">Edit</button><button type="button" class="dangerButton">Delete</button></div></td></tr></tbody></table></div></div></section>"`;

exports[`CategoryPageContent renders the loading state consistently 1`] = `"<section class="section"><div class="header"><div class="headerRow"><div class="heading"><h2 class="title">Categories</h2><p class="subtitle">Curate categories used across transactions and analytics.</p></div><div class="actions"><div class="buttonRow"><button type="button" class="primaryButton">Add New Category</button></div></div></div></div><div class="body"><p class="messageText">Loading categories...</p></div></section>"`;
