// Jest Snapshot v1, https://goo.gl/fbAQLP

exports[`PeoplePageContent renders a table of people consistently 1`] = `"<section class="section"><div class="header"><div class="headerRow"><div class="heading"><h2 class="title">People</h2><p class="subtitle">Manage individuals linked to accounts, transactions, and reimbursements.</p></div><div class="actions"><div class="buttonRow"><button type="button" class="primaryButton">Add New Person</button></div></div></div></div><div class="body"><div class="tableWrapper"><table class="table"><thead><tr><th scope="col" class="tableCell">Full Name</th><th scope="col" class="tableCell">Status</th><th scope="col" class="tableCell">Actions</th></tr></thead><tbody><tr><td class="tableCell">Alex Murphy</td><td class="tableCell capitalize">active</td><td class="tableCellActions"><div class="tableRowActions"><button type="button" class="secondaryButton">Edit</button><button type="button" class="dangerButton">Delete</button></div></td></tr><tr><td class="tableCell">Sam Carter</td><td class="tableCell capitalize">inactive</td><td class="tableCellActions"><div class="tableRowActions"><button type="button" class="secondaryButton">Edit</button><button type="button" class="dangerButton">Delete</button></div></td></tr></tbody></table></div></div></section>"`;

exports[`PeoplePageContent renders the empty state consistently 1`] = `"<section class="section"><div class="header"><div class="headerRow"><div class="heading"><h2 class="title">People</h2><p class="subtitle">Manage individuals linked to accounts, transactions, and reimbursements.</p></div><div class="actions"><div class="buttonRow"><button type="button" class="primaryButton">Add New Person</button></div></div></div></div><div class="body"><div class="tableWrapper"><table class="table"><thead><tr><th scope="col" class="tableCell">Full Name</th><th scope="col" class="tableCell">Status</th><th scope="col" class="tableCell">Actions</th></tr></thead><tbody><tr><td colSpan="3" class="tableCell"><div class="emptyState">No people found yet.</div></td></tr></tbody></table></div></div></section>"`;
